2026-09-10 10:22:40 [main] INFO  c.e.eventday.EventdayApplication - Starting EventdayApplication using Java 21.0.12.1 with PID 3452 (D:\eventday\target\classes started by KOPIKO in D:\eventday)
2026-09-10 10:22:40 [main] DEBUG c.e.eventday.EventdayApplication - Running with Spring Boot v3.2.4, Spring v6.1.5
2026-09-10 10:22:40 [main] INFO  c.e.eventday.EventdayApplication - No active profile set, falling back to 1 default profile: "default"
2026-09-10 10:22:41 [main] INFO  o.s.d.r.c.RepositoryConfigurationDelegate - Bootstrapping Spring Data JPA repositories in DEFAULT mode.
2026-09-10 10:22:41 [main] INFO  o.s.d.r.c.RepositoryConfigurationDelegate - Finished Spring Data repository scanning in 80 ms. Found 4 JPA repository interfaces.
2026-09-10 10:22:42 [main] INFO  o.s.b.w.e.tomcat.TomcatWebServer - Tomcat initialized with port 8082 (http)
2026-09-10 10:22:42 [main] INFO  o.a.catalina.core.StandardService - Starting service [Tomcat]
2026-09-10 10:22:42 [main] INFO  o.a.catalina.core.StandardEngine - Starting Servlet engine: [Apache Tomcat/10.1.19]
2026-09-10 10:22:42 [main] INFO  o.a.c.c.C.[Tomcat].[localhost].[/] - Initializing Spring embedded WebApplicationContext
2026-09-10 10:22:42 [main] INFO  o.s.b.w.s.c.ServletWebServerApplicationContext - Root WebApplicationContext: initialization completed in 1941 ms
2026-09-10 10:22:42 [main] INFO  o.h.jpa.internal.util.LogHelper - HHH000204: Processing PersistenceUnitInfo [name: default]
2026-09-10 10:22:42 [main] INFO  org.hibernate.Version - HHH000412: Hibernate ORM core version 6.4.4.Final
2026-09-10 10:22:43 [main] INFO  o.h.c.i.RegionFactoryInitiator - HHH000026: Second-level cache disabled
2026-09-10 10:22:43 [main] INFO  o.s.o.j.p.SpringPersistenceUnitInfo - No LoadTimeWeaver setup: ignoring JPA class transformer
2026-09-10 10:22:43 [main] INFO  com.zaxxer.hikari.HikariDataSource - HikariPool-1 - Starting...
2026-09-10 10:22:43 [main] INFO  com.zaxxer.hikari.pool.HikariPool - HikariPool-1 - Added connection org.postgresql.jdbc.PgConnection@1b3a9ef4
2026-09-10 10:22:43 [main] INFO  com.zaxxer.hikari.HikariDataSource - HikariPool-1 - Start completed.
2026-09-10 10:22:45 [main] INFO  o.h.e.t.j.p.i.JtaPlatformInitiator - HHH000489: No JTA platform available (set 'hibernate.transaction.jta.platform' to enable JTA platform integration)
2026-09-10 10:22:46 [main] INFO  o.s.o.j.LocalContainerEntityManagerFactoryBean - Initialized JPA EntityManagerFactory for persistence unit 'default'
2026-09-10 10:22:46 [main] DEBUG c.e.e.s.JwtAuthenticationFilter - Filter 'jwtAuthenticationFilter' configured for use
2026-09-10 10:22:47 [main] WARN  o.s.b.a.o.j.JpaBaseConfiguration$JpaWebConfiguration - spring.jpa.open-in-view is enabled by default. Therefore, database queries may be performed during view rendering. Explicitly configure spring.jpa.open-in-view to disable this warning
2026-09-10 10:22:47 [main] WARN  o.s.b.a.s.s.UserDetailsServiceAutoConfiguration - 

Using generated security password: 3e749194-f7d0-402a-8487-52d34b26dfb7

This generated password is for development use only. Your security configuration must be updated before running your application in production.

2026-09-10 10:22:47 [main] INFO  o.s.s.web.DefaultSecurityFilterChain - Will secure any request with [org.springframework.security.web.session.DisableEncodeUrlFilter@98a0842, org.springframework.security.web.context.request.async.WebAsyncManagerIntegrationFilter@56f569e, org.springframework.security.web.context.SecurityContextHolderFilter@29682244, org.springframework.security.web.header.HeaderWriterFilter@125c03d3, org.springframework.web.filter.CorsFilter@525c0f74, org.springframework.security.web.authentication.logout.LogoutFilter@1df83569, com.example.eventday.security.JwtAuthenticationFilter@20ad64c, org.springframework.security.web.savedrequest.RequestCacheAwareFilter@2e76ade9, org.springframework.security.web.servletapi.SecurityContextHolderAwareRequestFilter@7a3ab73a, org.springframework.security.web.authentication.AnonymousAuthenticationFilter@3da12ba4, org.springframework.security.web.session.SessionManagementFilter@4bca2a09, org.springframework.security.web.access.ExceptionTranslationFilter@6e669b5c, org.springframework.security.web.access.intercept.AuthorizationFilter@531bfe4b]
2026-09-10 10:22:47 [main] INFO  o.s.b.w.e.tomcat.TomcatWebServer - Tomcat started on port 8082 (http) with context path ''
2026-09-10 10:22:47 [main] INFO  c.e.eventday.EventdayApplication - Started EventdayApplication in 7.929 seconds (process running for 8.456)
